<html>
<body>
<pre>
<h1>µVision Build Log</h1>
<h2>Project:</h2>
C:\Users\manma\OneDrive\Desktop\Universidad\SED\Lab\Proyecto\Proyect\Proyect.uvproj
Project File Date:  10/07/2023

<h2>Output:</h2>
Build target 'Target 1'
assembling startup_LPC17xx.s...
compiling main.c...
main.c(54): warning:  #1-D: last line of file ends without a newline
linking...
.\Proyect.axf: Error: L6218E: Undefined symbol SystemInit (referred from startup_lpc17xx.o).
".\Proyect.axf" - 1 Errors, 1 Warning(s).
Target not created
Build target 'Target 1'
compiling main.c...
mainheader.h(4): warning:  #1-D: last line of file ends without a newline
main.c(55): warning:  #1-D: last line of file ends without a newline
compiling configs.c...
linking...
.\Proyect.axf: Error: L6218E: Undefined symbol SystemInit (referred from startup_lpc17xx.o).
".\Proyect.axf" - 1 Errors, 2 Warning(s).
Target not created
Build target 'Target 1'
compiling main.c...
mainheader.h(4): warning:  #1-D: last line of file ends without a newline
main.c(55): warning:  #1-D: last line of file ends without a newline
compiling configs.c...
compiling system_LPC17xx.c...
linking...
Program Size: Code=4592 RO-data=236 RW-data=12 ZI-data=612  
".\Proyect.axf" - 0 Errors, 2 Warning(s).
Build target 'Target 1'
compiling main.c...
mainheader.h(4): warning:  #1-D: last line of file ends without a newline
main.c(39): warning:  #1-D: last line of file ends without a newline
compiling configs.c...
configs.c(22): warning:  #1-D: last line of file ends without a newline
compiling system_LPC17xx.c...
linking...
Program Size: Code=4604 RO-data=236 RW-data=12 ZI-data=612  
".\Proyect.axf" - 0 Errors, 3 Warning(s).
Build target 'Target 1'
compiling main.c...
mainheader.h(7): warning:  #1-D: last line of file ends without a newline
main.c(36): warning:  #1-D: last line of file ends without a newline
compiling configs.c...
configs.c(7): error:  #20: identifier "Fpclk" is undefined
configs.c(7): error:  #20: identifier "Tpwm" is undefined
configs.c(19): warning:  #1-D: last line of file ends without a newline
".\Proyect.axf" - 2 Errors, 3 Warning(s).
Target not created
Build target 'Target 1'
compiling main.c...
mainheader.h(7): warning:  #1-D: last line of file ends without a newline
main.c(36): warning:  #1-D: last line of file ends without a newline
compiling configs.c...
mainheader.h(7): warning:  #1-D: last line of file ends without a newline
configs.c(20): warning:  #1-D: last line of file ends without a newline
linking...
Program Size: Code=4604 RO-data=236 RW-data=12 ZI-data=612  
".\Proyect.axf" - 0 Errors, 4 Warning(s).
Build target 'Target 1'
linking...
Program Size: Code=4604 RO-data=236 RW-data=12 ZI-data=612  
".\Proyect.axf" - 0 Errors, 0 Warning(s).
Build target 'Target 1'
linking...
Program Size: Code=4604 RO-data=236 RW-data=12 ZI-data=612  
".\Proyect.axf" - 0 Errors, 0 Warning(s).
Build target 'Target 1'
linking...
Program Size: Code=4604 RO-data=236 RW-data=12 ZI-data=612  
".\Proyect.axf" - 0 Errors, 0 Warning(s).
Rebuild target 'Target 1'
assembling startup_LPC17xx.s...
compiling main.c...
mainheader.h(7): warning:  #1-D: last line of file ends without a newline
main.c(36): warning:  #1-D: last line of file ends without a newline
compiling configs.c...
mainheader.h(7): warning:  #1-D: last line of file ends without a newline
configs.c(20): warning:  #1-D: last line of file ends without a newline
compiling system_LPC17xx.c...
linking...
Program Size: Code=4604 RO-data=236 RW-data=12 ZI-data=612  
".\Proyect.axf" - 0 Errors, 4 Warning(s).
Build target 'Target 1'
linking...
Program Size: Code=4604 RO-data=236 RW-data=12 ZI-data=612  
".\Proyect.axf" - 0 Errors, 0 Warning(s).
